\BOOKMARK [0][-]{ccover.0}{\376\377\116\055\145\207\134\001\227\142}{}% 1
\BOOKMARK [0][-]{ecover.0}{\376\377\202\361\145\207\134\001\227\142}{}% 2
\BOOKMARK [0][-]{Declaration.0}{\376\377\123\237\122\033\140\047\130\360\146\016}{}% 3
\BOOKMARK [0][-]{Committee.0}{\376\377\173\124\217\251\131\324\124\130\117\032}{}% 4
\BOOKMARK [0][-]{section*.3}{\376\377\116\055\145\207\144\130\211\201}{}% 5
\BOOKMARK [0][-]{section*.4}{\376\377\000A\000b\000s\000t\000r\000a\000c\000t}{}% 6
\BOOKMARK [0][-]{ccontents.0}{\376\377\166\356\137\125}{}% 7
\BOOKMARK [0][-]{chapter.1}{\376\377\173\054\116\000\172\340\000\040\000\040\137\025\212\000}{}% 8
\BOOKMARK [1][-]{section.1.1}{\376\377\0001\000.\0001\000\040\225\356\230\230\116\313\176\315}{chapter.1}% 9
\BOOKMARK [1][-]{section.1.2}{\376\377\0001\000.\0002\000\040\170\024\172\166\163\260\162\266}{chapter.1}% 10
\BOOKMARK [1][-]{section.1.3}{\376\377\0001\000.\0003\000\040\147\054\145\207\170\024\172\166\121\205\133\271}{chapter.1}% 11
\BOOKMARK [0][-]{chapter.2}{\376\377\173\054\116\214\172\340\000\040\000\040\230\204\131\007\167\345\213\306}{}% 12
\BOOKMARK [1][-]{section.2.1}{\376\377\0002\000.\0001\000\040\145\160\133\146\122\006\147\220\127\372\170\100}{chapter.2}% 13
\BOOKMARK [1][-]{section.2.2}{\376\377\0002\000.\0002\000\040\151\202\163\207\176\337\213\241\127\372\170\100}{chapter.2}% 14
\BOOKMARK [1][-]{section.2.3}{\376\377\0002\000.\0003\000\040\166\370\121\163\152\041\127\213\116\313\176\315}{chapter.2}% 15
\BOOKMARK [0][-]{chapter.3}{\376\377\173\054\116\011\172\340\000\040\000\040\145\160\133\146\121\154\137\017}{}% 16
\BOOKMARK [1][-]{section.3.1}{\376\377\0003\000.\0001\000\040\225\356\230\230\116\313\176\315}{chapter.3}% 17
\BOOKMARK [1][-]{section.3.2}{\376\377\0003\000.\0002\000\040\170\024\172\166\163\260\162\266}{chapter.3}% 18
\BOOKMARK [1][-]{section.3.3}{\376\377\0003\000.\0003\000\040\147\054\145\207\170\024\172\166\121\205\133\271}{chapter.3}% 19
\BOOKMARK [0][-]{chapter.4}{\376\377\173\054\126\333\172\340\000\040\000\040\143\222\162\110\136\372\213\256}{}% 20
\BOOKMARK [1][-]{section.4.1}{\376\377\0004\000.\0001\000\040\156\220\145\207\116\366\166\204\116\146\121\231}{chapter.4}% 21
\BOOKMARK [1][-]{section.4.2}{\376\377\0004\000.\0002\000\040\156\220\145\207\116\366\116\146\121\231\136\372\213\256}{chapter.4}% 22
\BOOKMARK [1][-]{section.4.3}{\376\377\0004\000.\0003\000\040\123\302\200\003\145\207\163\056\116\146\121\231\136\372\213\256}{chapter.4}% 23
\BOOKMARK [0][-]{chapter.5}{\376\377\173\054\116\224\172\340\000\040\000\040\136\070\211\301\143\222\162\110\142\200\135\347}{}% 24
\BOOKMARK [1][-]{section.5.1}{\376\377\0005\000.\0001\000\040\145\160\133\146\121\154\137\017}{chapter.5}% 25
\BOOKMARK [1][-]{section.5.2}{\376\377\0005\000.\0002\000\040\122\027\210\150}{chapter.5}% 26
\BOOKMARK [1][-]{section.5.3}{\376\377\0005\000.\0003\000\040\210\150\150\074\116\016\143\322\126\376}{chapter.5}% 27
\BOOKMARK [1][-]{section.5.4}{\376\377\0005\000.\0004\000\040\173\227\154\325\117\052\116\343\170\001}{chapter.5}% 28
\BOOKMARK [0][-]{chapter.6}{\376\377\173\054\121\155\172\340\000\040\000\040\121\166\116\326}{}% 29
\BOOKMARK [1][-]{section.6.1}{\376\377\0006\000.\0001\000\040\136\070\211\301\225\031\213\357\131\004\164\006\145\271\154\325}{chapter.6}% 30
\BOOKMARK [1][-]{section.6.2}{\376\377\0006\000.\0002\000\040\000W\000i\000n\000E\000d\000t\000\040\173\046\123\367\210\145\121\150\173\111\142\200\135\347}{chapter.6}% 31
\BOOKMARK [1][-]{section.6.3}{\376\377\0006\000.\0003\000\040\136\070\165\050\133\217\123\005}{chapter.6}% 32
\BOOKMARK [0][-]{chapter*.17}{\376\377\123\302\200\003\145\207\163\056}{}% 33
\BOOKMARK [0][-]{chapter*.18}{\376\377\226\104\137\125}{}% 34
\BOOKMARK [0][-]{chapter*.19}{\376\377\117\134\200\005\173\200\123\206\123\312\127\050\133\146\147\037\225\364\142\100\123\326\137\227\166\204\171\321\170\024\142\020\147\234}{}% 35
\BOOKMARK [0][-]{chapter*.20}{\376\377\201\364\214\042}{}% 36
