\BOOKMARK [0][-]{ccover.0}{\376\377\116\055\145\207\134\001\227\142}{}% 1
\BOOKMARK [0][-]{ecover.0}{\376\377\202\361\145\207\134\001\227\142}{}% 2
\BOOKMARK [0][-]{Declaration.0}{\376\377\123\237\122\033\140\047\130\360\146\016}{}% 3
\BOOKMARK [0][-]{Committee.0}{\376\377\173\124\217\251\131\324\124\130\117\032}{}% 4
\BOOKMARK [0][-]{section*.3}{\376\377\116\055\145\207\144\130\211\201}{}% 5
\BOOKMARK [0][-]{section*.4}{\376\377\000A\000b\000s\000t\000r\000a\000c\000t}{}% 6
\BOOKMARK [0][-]{ccontents.0}{\376\377\166\356\137\125}{}% 7
\BOOKMARK [0][-]{chapter.1}{\376\377\173\054\116\000\172\340\000\040\000\040\225\356\230\230\200\314\146\157\060\001\221\315\217\360\116\016\122\006\147\220}{}% 8
\BOOKMARK [1][-]{section.1.1}{\376\377\0001\000.\0001\000\040\225\356\230\230\200\314\146\157}{chapter.1}% 9
\BOOKMARK [1][-]{section.1.2}{\376\377\0001\000.\0002\000\040\230\230\166\356\221\315\217\360}{chapter.1}% 10
\BOOKMARK [1][-]{section.1.3}{\376\377\0001\000.\0003\000\040\170\024\172\166\166\356\150\007\116\016\142\200\147\057\215\357\176\277}{chapter.1}% 11
\BOOKMARK [1][-]{section.1.4}{\376\377\0001\000.\0004\000\040\116\073\211\201\173\046\123\367\213\364\146\016}{chapter.1}% 12
\BOOKMARK [1][-]{section.1.5}{\376\377\0001\000.\0005\000\040\147\054\172\340\134\017\176\323}{chapter.1}% 13
\BOOKMARK [0][-]{chapter.2}{\376\377\173\054\116\214\172\340\000\040\000\040\151\202\163\207\152\041\127\213\116\016\117\030\123\026\152\041\127\213\136\372\172\313}{}% 14
\BOOKMARK [1][-]{section.2.1}{\376\377\0002\000.\0001\000\040\136\372\152\041\120\107\213\276}{chapter.2}% 15
\BOOKMARK [1][-]{section.2.2}{\376\377\0002\000.\0002\000\040\145\105\226\234\123\072\225\364\116\213\116\366\116\016\151\202\163\207}{chapter.2}% 16
\BOOKMARK [1][-]{section.2.3}{\376\377\0002\000.\0003\000\040\147\037\147\033\116\247\121\372\116\016\147\037\147\033\143\137\131\061}{chapter.2}% 17
\BOOKMARK [1][-]{section.2.4}{\376\377\0002\000.\0004\000\040\166\356\150\007\121\375\145\160}{chapter.2}% 18
\BOOKMARK [1][-]{section.2.5}{\376\377\0002\000.\0005\000\040\123\330\221\317\123\302\145\160\123\026\116\016\176\246\147\137}{chapter.2}% 19
\BOOKMARK [1][-]{section.2.6}{\376\377\0002\000.\0006\000\040\123\314\134\102\117\030\123\026\176\323\147\204}{chapter.2}% 20
\BOOKMARK [1][-]{section.2.7}{\376\377\0002\000.\0007\000\040\147\054\172\340\134\017\176\323}{chapter.2}% 21
\BOOKMARK [0][-]{chapter.3}{\376\377\173\054\116\011\172\340\000\040\000\040\145\160\120\074\154\102\211\343\145\271\154\325\116\016\133\236\163\260\155\101\172\013}{}% 22
\BOOKMARK [1][-]{section.3.1}{\376\377\0003\000.\0001\000\040\133\377\124\175\122\006\136\003\123\302\145\160\117\060\213\241}{chapter.3}% 23
\BOOKMARK [1][-]{section.3.2}{\376\377\0003\000.\0002\000\040\121\205\134\102\117\030\123\026\377\032\126\372\133\232\000\040\000n\000\040\166\204\147\000\117\030\150\300\147\345\160\271\144\034\175\042}{chapter.3}% 24
\BOOKMARK [1][-]{section.3.3}{\376\377\0003\000.\0003\000\040\131\026\134\102\117\030\123\026\377\032\150\300\147\345\153\041\145\160\144\034\175\042}{chapter.3}% 25
\BOOKMARK [1][-]{section.3.4}{\376\377\0003\000.\0004\000\040\173\227\154\325\117\052\116\343\170\001}{chapter.3}% 26
\BOOKMARK [1][-]{section.3.5}{\376\377\0003\000.\0005\000\040\116\044\174\173\127\072\146\157\123\302\145\160\213\276\177\156}{chapter.3}% 27
\BOOKMARK [1][-]{section.3.6}{\376\377\0003\000.\0006\000\040\213\241\173\227\172\063\133\232\140\047\131\004\164\006}{chapter.3}% 28
\BOOKMARK [1][-]{section.3.7}{\376\377\0003\000.\0007\000\040\147\054\172\340\134\017\176\323}{chapter.3}% 29
\BOOKMARK [0][-]{chapter.4}{\376\377\173\054\126\333\172\340\000\040\000\040\133\236\232\214\176\323\147\234\060\001\133\371\153\324\116\016\213\250\213\272}{}% 30
\BOOKMARK [1][-]{section.4.1}{\376\377\0004\000.\0001\000\040\176\323\147\234\154\107\142\245\176\323\147\204}{chapter.4}% 31
\BOOKMARK [1][-]{section.4.2}{\376\377\0004\000.\0002\000\040\127\072\146\157\000\040\000I\377\032\164\006\140\363\122\044\133\232\176\323\147\234\122\006\147\220}{chapter.4}% 32
\BOOKMARK [1][-]{section.4.3}{\376\377\0004\000.\0003\000\040\127\072\146\157\000\040\000I\000I\377\032\133\130\127\050\213\357\122\044\176\323\147\234\122\006\147\220}{chapter.4}% 33
\BOOKMARK [1][-]{section.4.4}{\376\377\0004\000.\0004\000\040\142\020\147\054\122\006\211\343\171\072\117\213\210\150}{chapter.4}% 34
\BOOKMARK [1][-]{section.4.5}{\376\377\0004\000.\0005\000\040\160\165\145\117\136\246\122\006\147\220}{chapter.4}% 35
\BOOKMARK [1][-]{section.4.6}{\376\377\0004\000.\0006\000\040\145\071\217\333\173\126\165\145\213\250\213\272}{chapter.4}% 36
\BOOKMARK [1][-]{section.4.7}{\376\377\0004\000.\0007\000\040\147\054\172\340\134\017\176\323}{chapter.4}% 37
\BOOKMARK [0][-]{chapter.5}{\376\377\173\054\116\224\172\340\000\040\000\040\176\323\213\272\116\016\217\333\116\000\153\145\135\345\117\134}{}% 38
\BOOKMARK [1][-]{section.5.1}{\376\377\0005\000.\0001\000\040\116\073\211\201\176\323\213\272}{chapter.5}% 39
\BOOKMARK [1][-]{section.5.2}{\376\377\0005\000.\0002\000\040\152\041\127\213\116\367\120\074}{chapter.5}% 40
\BOOKMARK [1][-]{section.5.3}{\376\377\0005\000.\0003\000\040\134\100\226\120\140\047}{chapter.5}% 41
\BOOKMARK [1][-]{section.5.4}{\376\377\0005\000.\0004\000\040\124\016\176\355\135\345\117\134}{chapter.5}% 42
\BOOKMARK [0][-]{chapter.6}{\376\377\173\054\121\155\172\340\000\040\000\040\123\302\145\160\145\117\141\037\140\047\116\016\172\063\120\145\140\047\122\006\147\220}{}% 43
\BOOKMARK [1][-]{section.6.1}{\376\377\0006\000.\0001\000\040\122\006\147\220\166\356\166\204}{chapter.6}% 44
\BOOKMARK [1][-]{section.6.2}{\376\377\0006\000.\0002\000\040\123\125\126\340\175\040\145\117\141\037\140\047}{chapter.6}% 45
\BOOKMARK [1][-]{section.6.3}{\376\377\0006\000.\0003\000\040\123\314\126\340\175\040\116\244\116\222\122\006\147\220}{chapter.6}% 46
\BOOKMARK [1][-]{section.6.4}{\376\377\0006\000.\0004\000\040\122\006\136\003\123\302\145\160\142\160\122\250\122\006\147\220}{chapter.6}% 47
\BOOKMARK [1][-]{section.6.5}{\376\377\0006\000.\0005\000\040\172\063\120\145\117\030\123\026\136\372\213\256}{chapter.6}% 48
\BOOKMARK [1][-]{section.6.6}{\376\377\0006\000.\0006\000\040\147\054\172\340\134\017\176\323}{chapter.6}% 49
\BOOKMARK [0][-]{chapter.7}{\376\377\173\054\116\003\172\340\000\040\000\040\142\151\134\125\116\377\167\037\133\236\232\214\116\016\133\371\153\324}{}% 50
\BOOKMARK [1][-]{section.7.1}{\376\377\0007\000.\0001\000\040\133\236\232\214\213\276\177\156}{chapter.7}% 51
\BOOKMARK [1][-]{section.7.2}{\376\377\0007\000.\0002\000\040\213\304\116\367\143\007\150\007}{chapter.7}% 52
\BOOKMARK [1][-]{section.7.3}{\376\377\0007\000.\0003\000\040\116\073\133\236\232\214\133\371\153\324}{chapter.7}% 53
\BOOKMARK [1][-]{section.7.4}{\376\377\0007\000.\0004\000\040\122\006\226\066\153\265\173\126\165\145\133\236\232\214}{chapter.7}% 54
\BOOKMARK [1][-]{section.7.5}{\376\377\0007\000.\0005\000\040\213\357\122\044\116\343\116\367\226\010\120\074\122\006\147\220}{chapter.7}% 55
\BOOKMARK [1][-]{section.7.6}{\376\377\0007\000.\0006\000\040\213\241\173\227\131\015\147\102\136\246\116\016\217\320\210\114\145\110\163\207}{chapter.7}% 56
\BOOKMARK [1][-]{section.7.7}{\376\377\0007\000.\0007\000\040\147\054\172\340\134\017\176\323}{chapter.7}% 57
\BOOKMARK [0][-]{chapter.8}{\376\377\173\054\121\153\172\340\000\040\000\040\135\345\172\013\123\026\133\236\163\260\116\016\173\241\164\006\136\372\213\256}{}% 58
\BOOKMARK [1][-]{section.8.1}{\376\377\0008\000.\0001\000\040\116\316\152\041\127\213\122\060\116\247\176\277\174\373\176\337\166\204\146\040\134\004}{chapter.8}% 59
\BOOKMARK [1][-]{section.8.2}{\376\377\0008\000.\0002\000\040\127\050\176\277\146\364\145\260\147\072\122\066}{chapter.8}% 60
\BOOKMARK [1][-]{section.8.3}{\376\377\0008\000.\0003\000\040\137\002\136\070\135\345\121\265\131\004\164\006}{chapter.8}% 61
\BOOKMARK [1][-]{section.8.4}{\376\377\0008\000.\0004\000\040\215\050\221\317\000-\142\020\147\054\123\117\124\014\167\013\147\177}{chapter.8}% 62
\BOOKMARK [1][-]{section.8.5}{\376\377\0008\000.\0005\000\040\133\236\145\275\215\357\176\277\136\372\213\256}{chapter.8}% 63
\BOOKMARK [1][-]{section.8.6}{\376\377\0008\000.\0006\000\040\147\054\172\340\134\017\176\323}{chapter.8}% 64
\BOOKMARK [0][-]{chapter.9}{\376\377\173\054\116\135\172\340\000\040\000\040\117\001\116\032\150\110\117\213\123\026\136\224\165\050\213\364\146\016}{}% 65
\BOOKMARK [1][-]{section.9.1}{\376\377\0009\000.\0001\000\040\127\072\146\157\213\276\133\232}{chapter.9}% 66
\BOOKMARK [1][-]{section.9.2}{\376\377\0009\000.\0002\000\040\173\126\165\145\217\301\171\373\123\237\122\031}{chapter.9}% 67
\BOOKMARK [1][-]{section.9.3}{\376\377\0009\000.\0003\000\040\000A\176\277\136\224\165\050\122\006\147\220}{chapter.9}% 68
\BOOKMARK [1][-]{section.9.4}{\376\377\0009\000.\0004\000\040\000B\176\277\136\224\165\050\122\006\147\220}{chapter.9}% 69
\BOOKMARK [1][-]{section.9.5}{\376\377\0009\000.\0005\000\040\215\350\116\247\176\277\176\337\116\000\173\241\164\006}{chapter.9}% 70
\BOOKMARK [1][-]{section.9.6}{\376\377\0009\000.\0006\000\040\147\054\172\340\134\017\176\323}{chapter.9}% 71
\BOOKMARK [0][-]{chapter*.10}{\376\377\123\302\200\003\145\207\163\056}{}% 72
\BOOKMARK [0][-]{chapter*.11}{\376\377\226\104\137\125\000\040\000A\377\032\123\302\145\160\116\016\145\160\143\156}{}% 73
\BOOKMARK [0][-]{chapter*.14}{\376\377\226\104\137\125\000\040\000B\377\032\172\013\136\217\116\016\210\145\121\105\176\323\147\234}{}% 74
\BOOKMARK [0][-]{chapter*.17}{\376\377\226\104\137\125\000\040\000C\377\032\121\154\137\017\143\250\133\374\176\306\202\202}{}% 75
\BOOKMARK [0][-]{chapter*.22}{\376\377\226\104\137\125\000\040\000D\377\032\173\126\165\145\147\232\116\076\176\323\147\234\210\150}{}% 76
\BOOKMARK [0][-]{chapter*.25}{\376\377\226\104\137\125\000\040\000E\377\032\204\231\162\171\123\141\177\127\142\171\221\317\176\323\147\234}{}% 77
\BOOKMARK [0][-]{chapter*.27}{\376\377\226\104\137\125\000\040\000F\377\032\123\302\145\160\177\121\150\074\142\153\143\317\210\150}{}% 78
