\BOOKMARK [0][-]{ccover.0}{\376\377\116\055\145\207\134\001\227\142}{}% 1
\BOOKMARK [0][-]{ecover.0}{\376\377\202\361\145\207\134\001\227\142}{}% 2
\BOOKMARK [0][-]{Declaration.0}{\376\377\123\237\122\033\140\047\130\360\146\016}{}% 3
\BOOKMARK [0][-]{Committee.0}{\376\377\173\124\217\251\131\324\124\130\117\032}{}% 4
\BOOKMARK [0][-]{section*.3}{\376\377\116\055\145\207\144\130\211\201}{}% 5
\BOOKMARK [0][-]{section*.4}{\376\377\000A\000b\000s\000t\000r\000a\000c\000t}{}% 6
\BOOKMARK [0][-]{ccontents.0}{\376\377\166\356\137\125}{}% 7
\BOOKMARK [0][-]{chapter.1}{\376\377\173\054\116\000\172\340\000\040\000\040\225\356\230\230\200\314\146\157\060\001\116\373\122\241\221\315\217\360\116\016\122\006\147\220}{}% 8
\BOOKMARK [1][-]{section.1.1}{\376\377\0001\000.\0001\000\040\135\345\172\013\200\314\146\157}{chapter.1}% 9
\BOOKMARK [1][-]{section.1.2}{\376\377\0001\000.\0002\000\040\225\356\230\230\221\315\217\360}{chapter.1}% 10
\BOOKMARK [1][-]{section.1.3}{\376\377\0001\000.\0003\000\040\225\356\230\230\226\276\160\271}{chapter.1}% 11
\BOOKMARK [1][-]{section.1.4}{\376\377\0001\000.\0004\000\040\136\372\152\041\140\035\215\357}{chapter.1}% 12
\BOOKMARK [1][-]{section.1.5}{\376\377\0001\000.\0005\000\040\147\054\172\340\134\017\176\323}{chapter.1}% 13
\BOOKMARK [0][-]{chapter.2}{\376\377\173\054\116\214\172\340\000\040\000\040\121\340\117\125\152\041\127\213\116\016\176\246\147\137\117\030\123\026\152\041\127\213}{}% 14
\BOOKMARK [1][-]{section.2.1}{\376\377\0002\000.\0001\000\040\127\120\150\007\174\373\116\016\145\271\124\021\124\021\221\317}{chapter.2}% 15
\BOOKMARK [1][-]{section.2.2}{\376\377\0002\000.\0002\000\040\164\006\140\363\142\233\162\151\227\142\210\150\171\072}{chapter.2}% 16
\BOOKMARK [1][-]{section.2.3}{\376\377\0002\000.\0003\000\040\171\273\145\143\215\064\124\010\166\356\150\007\121\375\145\160}{chapter.2}% 17
\BOOKMARK [1][-]{section.2.4}{\376\377\0002\000.\0004\000\040\176\323\147\204\116\016\142\147\210\114\176\246\147\137}{chapter.2}% 18
\BOOKMARK [1][-]{section.2.5}{\376\377\0002\000.\0005\000\040\176\374\124\010\117\030\123\026\152\041\127\213}{chapter.2}% 19
\BOOKMARK [1][-]{section.2.6}{\376\377\0002\000.\0006\000\040\143\245\145\066\153\324\213\304\117\060\152\041\127\213}{chapter.2}% 20
\BOOKMARK [1][-]{section.2.7}{\376\377\0002\000.\0007\000\040\147\054\172\340\134\017\176\323}{chapter.2}% 21
\BOOKMARK [0][-]{chapter.3}{\376\377\173\054\116\011\172\340\000\040\000\040\173\227\154\325\213\276\213\241\116\016\154\102\211\343\155\101\172\013}{}% 22
\BOOKMARK [1][-]{section.3.1}{\376\377\0003\000.\0001\000\040\145\160\143\156\230\204\131\004\164\006}{chapter.3}% 23
\BOOKMARK [1][-]{section.3.2}{\376\377\0003\000.\0002\000\040\164\006\140\363\142\233\162\151\227\142\123\302\145\160\170\156\133\232}{chapter.3}% 24
\BOOKMARK [1][-]{section.3.3}{\376\377\0003\000.\0003\000\040\176\246\147\137\117\030\123\026\154\102\211\343}{chapter.3}% 25
\BOOKMARK [1][-]{section.3.4}{\376\377\0003\000.\0004\000\040\143\245\145\066\153\324\213\241\173\227\173\227\154\325}{chapter.3}% 26
\BOOKMARK [1][-]{section.3.5}{\376\377\0003\000.\0005\000\040\176\323\147\234\133\374\121\372}{chapter.3}% 27
\BOOKMARK [1][-]{section.3.6}{\376\377\0003\000.\0006\000\040\147\054\172\340\134\017\176\323}{chapter.3}% 28
\BOOKMARK [0][-]{chapter.4}{\376\377\173\054\126\333\172\340\000\040\000\040\176\323\147\234\134\125\171\072\060\001\232\214\213\301\116\016\145\117\141\037\140\047\122\006\147\220}{}% 29
\BOOKMARK [1][-]{section.4.1}{\376\377\0004\000.\0001\000\040\176\323\147\234\134\125\171\072\150\074\137\017}{chapter.4}% 30
\BOOKMARK [1][-]{section.4.2}{\376\377\0004\000.\0002\000\040\176\246\147\137\123\357\210\114\140\047\232\214\213\301}{chapter.4}% 31
\BOOKMARK [1][-]{section.4.3}{\376\377\0004\000.\0003\000\040\140\047\200\375\143\007\150\007\133\371\153\324}{chapter.4}% 32
\BOOKMARK [1][-]{section.4.4}{\376\377\0004\000.\0004\000\040\176\323\147\234\210\150\152\041\147\177}{chapter.4}% 33
\BOOKMARK [1][-]{section.4.5}{\376\377\0004\000.\0005\000\040\145\117\141\037\140\047\122\006\147\220}{chapter.4}% 34
\BOOKMARK [1][-]{section.4.6}{\376\377\0004\000.\0006\000\040\147\054\172\340\134\017\176\323}{chapter.4}% 35
\BOOKMARK [0][-]{chapter.5}{\376\377\173\054\116\224\172\340\000\040\000\040\176\323\213\272\116\016\134\125\147\033}{}% 36
\BOOKMARK [1][-]{section.5.1}{\376\377\0005\000.\0001\000\040\116\073\211\201\176\323\213\272}{chapter.5}% 37
\BOOKMARK [1][-]{section.5.2}{\376\377\0005\000.\0002\000\040\135\345\172\013\141\017\116\111}{chapter.5}% 38
\BOOKMARK [1][-]{section.5.3}{\376\377\0005\000.\0003\000\040\116\015\215\263\116\016\145\071\217\333\145\271\124\021}{chapter.5}% 39
\BOOKMARK [1][-]{section.5.4}{\376\377\0005\000.\0004\000\040\140\073\176\323}{chapter.5}% 40
\BOOKMARK [0][-]{chapter.6}{\376\377\173\054\121\155\172\340\000\040\000\040\127\120\150\007\123\330\143\142\116\016\121\340\117\125\176\246\147\137\176\306\123\026}{}% 41
\BOOKMARK [1][-]{section.6.1}{\376\377\0006\000.\0001\000\040\127\060\126\372\127\120\150\007\116\016\134\100\220\350\127\120\150\007}{chapter.6}% 42
\BOOKMARK [1][-]{section.6.2}{\376\377\0006\000.\0002\000\040\164\006\140\363\142\233\162\151\227\142\127\050\134\100\220\350\174\373\116\055\166\204\210\150\217\276}{chapter.6}% 43
\BOOKMARK [1][-]{section.6.3}{\376\377\0006\000.\0003\000\040\202\202\160\271\173\133\220\011\217\271\165\114}{chapter.6}% 44
\BOOKMARK [1][-]{section.6.4}{\376\377\0006\000.\0004\000\040\175\042\177\121\217\271\226\306\147\204\220\040}{chapter.6}% 45
\BOOKMARK [1][-]{section.6.5}{\376\377\0006\000.\0005\000\040\121\340\117\125\116\000\201\364\140\047\150\300\147\345}{chapter.6}% 46
\BOOKMARK [1][-]{section.6.6}{\376\377\0006\000.\0006\000\040\147\054\172\340\134\017\176\323}{chapter.6}% 47
\BOOKMARK [0][-]{chapter.7}{\376\377\173\054\116\003\172\340\000\040\000\040\121\111\133\146\143\245\145\066\152\041\127\213\116\016\213\357\135\356\117\040\144\255}{}% 48
\BOOKMARK [1][-]{section.7.1}{\376\377\0007\000.\0001\000\040\123\315\134\004\133\232\137\213\171\273\145\143\133\236\163\260}{chapter.7}% 49
\BOOKMARK [1][-]{section.7.2}{\376\377\0007\000.\0002\000\040\143\245\145\066\153\324\116\016\122\240\147\103\143\245\145\066\153\324}{chapter.7}% 50
\BOOKMARK [1][-]{section.7.3}{\376\377\0007\000.\0003\000\040\213\357\135\356\147\145\156\220\122\006\211\343}{chapter.7}% 51
\BOOKMARK [1][-]{section.7.4}{\376\377\0007\000.\0004\000\040\213\357\135\356\117\040\144\255\217\321\117\074}{chapter.7}% 52
\BOOKMARK [1][-]{section.7.5}{\376\377\0007\000.\0005\000\040\133\371\153\324\133\236\232\214\213\276\213\241}{chapter.7}% 53
\BOOKMARK [1][-]{section.7.6}{\376\377\0007\000.\0006\000\040\147\054\172\340\134\017\176\323}{chapter.7}% 54
\BOOKMARK [0][-]{chapter.8}{\376\377\173\054\121\153\172\340\000\040\000\040\234\201\150\322\140\047\133\236\232\214\116\016\135\345\172\013\123\026\213\250\213\272}{}% 55
\BOOKMARK [1][-]{section.8.1}{\376\377\0008\000.\0001\000\040\142\160\122\250\133\236\232\214\213\276\213\241}{chapter.8}% 56
\BOOKMARK [1][-]{section.8.2}{\376\377\0008\000.\0002\000\040\172\063\133\232\140\047\213\304\116\367\143\007\150\007}{chapter.8}% 57
\BOOKMARK [1][-]{section.8.3}{\376\377\0008\000.\0003\000\040\234\201\150\322\117\030\123\026\142\151\134\125}{chapter.8}% 58
\BOOKMARK [1][-]{section.8.4}{\376\377\0008\000.\0004\000\040\213\241\173\227\137\000\225\000\122\006\147\220}{chapter.8}% 59
\BOOKMARK [1][-]{section.8.5}{\376\377\0008\000.\0005\000\040\135\345\172\013\133\236\145\275\136\372\213\256}{chapter.8}% 60
\BOOKMARK [1][-]{section.8.6}{\376\377\0008\000.\0006\000\040\147\054\172\340\134\017\176\323}{chapter.8}% 61
\BOOKMARK [0][-]{chapter.9}{\376\377\173\054\116\135\172\340\000\040\000\040\131\032\145\271\124\021\142\153\143\317\150\110\117\213\122\006\147\220}{}% 62
\BOOKMARK [1][-]{section.9.1}{\376\377\0009\000.\0001\000\040\142\153\143\317\133\236\232\214\166\356\150\007}{chapter.9}% 63
\BOOKMARK [1][-]{section.9.2}{\376\377\0009\000.\0002\000\040\133\236\232\214\177\121\150\074}{chapter.9}% 64
\BOOKMARK [1][-]{section.9.3}{\376\377\0009\000.\0003\000\040\176\323\147\234\211\304\137\213}{chapter.9}% 65
\BOOKMARK [1][-]{section.9.4}{\376\377\0009\000.\0004\000\040\217\336\176\355\211\302\155\113\116\013\166\204\136\163\156\321\173\126\165\145}{chapter.9}% 66
\BOOKMARK [1][-]{section.9.5}{\376\377\0009\000.\0005\000\040\136\224\165\050\136\372\213\256}{chapter.9}% 67
\BOOKMARK [1][-]{section.9.6}{\376\377\0009\000.\0006\000\040\147\054\172\340\134\017\176\323}{chapter.9}% 68
\BOOKMARK [0][-]{chapter*.8}{\376\377\123\302\200\003\145\207\163\056}{}% 69
\BOOKMARK [0][-]{chapter*.9}{\376\377\226\104\137\125\000\040\000A\377\032\123\302\145\160\116\016\173\046\123\367}{}% 70
\BOOKMARK [0][-]{chapter*.12}{\376\377\226\104\137\125\000\040\000B\377\032\176\323\147\234\145\207\116\366\213\364\146\016}{}% 71
\BOOKMARK [0][-]{chapter*.15}{\376\377\226\104\137\125\000\040\000C\377\032\121\340\117\125\143\250\133\374\116\016\127\120\150\007\123\330\143\142}{}% 72
\BOOKMARK [0][-]{chapter*.21}{\376\377\226\104\137\125\000\040\000D\377\032\202\202\160\271\214\003\202\202\150\067\117\213\210\150}{}% 73
\BOOKMARK [0][-]{chapter*.24}{\376\377\226\104\137\125\000\040\000E\377\032\145\271\124\021\142\153\143\317\133\236\232\214\210\150}{}% 74
\BOOKMARK [0][-]{chapter*.26}{\376\377\226\104\137\125\000\040\000F\377\032\145\366\136\217\136\163\156\321\176\323\147\234\210\150}{}% 75
\BOOKMARK [0][-]{chapter*.28}{\376\377\226\104\137\125\000\040\000G\377\032\131\032\166\356\150\007\147\103\221\315\133\236\232\214}{}% 76
