\BOOKMARK [0][-]{ccover.0}{\376\377\116\055\145\207\134\001\227\142}{}% 1
\BOOKMARK [0][-]{ecover.0}{\376\377\202\361\145\207\134\001\227\142}{}% 2
\BOOKMARK [0][-]{Declaration.0}{\376\377\123\237\122\033\140\047\130\360\146\016}{}% 3
\BOOKMARK [0][-]{Committee.0}{\376\377\173\124\217\251\131\324\124\130\117\032}{}% 4
\BOOKMARK [0][-]{section*.3}{\376\377\116\055\145\207\144\130\211\201}{}% 5
\BOOKMARK [0][-]{section*.4}{\376\377\000A\000b\000s\000t\000r\000a\000c\000t}{}% 6
\BOOKMARK [0][-]{ccontents.0}{\376\377\166\356\137\125}{}% 7
\BOOKMARK [0][-]{chapter.1}{\376\377\173\054\116\000\172\340\000\040\000\040\225\356\230\230\200\314\146\157\116\016\170\024\172\166\166\356\150\007}{}% 8
\BOOKMARK [1][-]{section.1.1}{\376\377\0001\000.\0001\000\040\225\356\230\230\147\145\156\220}{chapter.1}% 9
\BOOKMARK [1][-]{section.1.2}{\376\377\0001\000.\0002\000\040\170\024\172\166\226\276\160\271}{chapter.1}% 10
\BOOKMARK [1][-]{section.1.3}{\376\377\0001\000.\0003\000\040\225\356\230\230\133\232\116\111}{chapter.1}% 11
\BOOKMARK [1][-]{section.1.4}{\376\377\0001\000.\0004\000\040\147\054\145\207\166\356\150\007}{chapter.1}% 12
\BOOKMARK [1][-]{section.1.5}{\376\377\0001\000.\0005\000\040\142\200\147\057\215\357\176\277}{chapter.1}% 13
\BOOKMARK [1][-]{section.1.6}{\376\377\0001\000.\0006\000\040\172\340\202\202\133\211\143\222}{chapter.1}% 14
\BOOKMARK [0][-]{chapter.2}{\376\377\173\054\116\214\172\340\000\040\000\040\211\302\155\113\152\041\127\213\116\016\176\246\147\137\136\372\152\041}{}% 15
\BOOKMARK [1][-]{section.2.1}{\376\377\0002\000.\0001\000\040\000R\000S\000S\000I\000\040\215\357\137\204\143\137\200\027\152\041\127\213}{chapter.2}% 16
\BOOKMARK [1][-]{section.2.2}{\376\377\0002\000.\0002\000\040\121\340\117\125\211\302\155\113\121\163\174\373}{chapter.2}% 17
\BOOKMARK [1][-]{section.2.3}{\376\377\0002\000.\0003\000\040\153\145\210\114\217\320\122\250\176\246\147\137}{chapter.2}% 18
\BOOKMARK [1][-]{section.2.4}{\376\377\0002\000.\0004\000\040\207\215\124\010\166\356\150\007\121\375\145\160}{chapter.2}% 19
\BOOKMARK [1][-]{section.2.5}{\376\377\0002\000.\0005\000\040\234\201\150\322\147\103\221\315\213\276\213\241}{chapter.2}% 20
\BOOKMARK [1][-]{section.2.6}{\376\377\0002\000.\0006\000\040\123\357\210\114\127\337\176\246\147\137}{chapter.2}% 21
\BOOKMARK [0][-]{chapter.3}{\376\377\173\054\116\011\172\340\000\040\000\040\117\030\123\026\221\317\143\250\133\374\116\016\145\160\120\074\133\236\163\260}{}% 22
\BOOKMARK [1][-]{section.3.1}{\376\377\0003\000.\0001\000\040\145\366\122\073\176\247\153\213\135\356\121\375\145\160}{chapter.3}% 23
\BOOKMARK [1][-]{section.3.2}{\376\377\0003\000.\0002\000\040\150\257\136\246\210\150\217\276}{chapter.3}% 24
\BOOKMARK [1][-]{section.3.3}{\376\377\0003\000.\0003\000\040\217\321\117\074\155\167\150\356\167\351\226\065}{chapter.3}% 25
\BOOKMARK [1][-]{section.3.4}{\376\377\0003\000.\0004\000\040\156\321\122\250\172\227\123\343\134\125\137\000}{chapter.3}% 26
\BOOKMARK [1][-]{section.3.5}{\376\377\0003\000.\0005\000\040\234\201\150\322\217\355\116\343\221\315\122\240\147\103}{chapter.3}% 27
\BOOKMARK [1][-]{section.3.6}{\376\377\0003\000.\0006\000\040\133\236\163\260\176\306\202\202}{chapter.3}% 28
\BOOKMARK [0][-]{chapter.4}{\376\377\173\054\126\333\172\340\000\040\000\040\122\035\131\313\217\150\217\371\147\204\220\040}{}% 29
\BOOKMARK [1][-]{section.4.1}{\376\377\0004\000.\0001\000\040\122\035\131\313\123\026\137\305\211\201\140\047}{chapter.4}% 30
\BOOKMARK [1][-]{section.4.2}{\376\377\0004\000.\0002\000\040\123\125\136\047\174\227\133\232\117\115}{chapter.4}% 31
\BOOKMARK [1][-]{section.4.3}{\376\377\0004\000.\0003\000\040\217\150\217\371\176\247\122\035\131\313\123\026}{chapter.4}% 32
\BOOKMARK [1][-]{section.4.4}{\376\377\0004\000.\0004\000\040\123\357\210\114\127\337\142\225\137\161\122\035\131\313\123\026}{chapter.4}% 33
\BOOKMARK [1][-]{section.4.5}{\376\377\0004\000.\0005\000\040\177\072\131\061\211\302\155\113\145\366\166\204\210\145\160\271\173\126\165\145}{chapter.4}% 34
\BOOKMARK [1][-]{section.4.6}{\376\377\0004\000.\0006\000\040\122\035\131\313\123\026\215\050\221\317\213\304\117\060}{chapter.4}% 35
\BOOKMARK [0][-]{chapter.5}{\376\377\173\054\116\224\172\340\000\040\000\040\154\102\211\343\173\227\154\325\213\276\213\241}{}% 36
\BOOKMARK [1][-]{section.5.1}{\376\377\0005\000.\0001\000\040\140\073\117\123\155\101\172\013}{chapter.5}% 37
\BOOKMARK [1][-]{section.5.2}{\376\377\0005\000.\0002\000\040\000I\000R\000W\000L\000S\000\040\116\073\173\227\154\325}{chapter.5}% 38
\BOOKMARK [1][-]{section.5.3}{\376\377\0005\000.\0003\000\040\123\302\145\160\213\276\177\156\123\237\122\031}{chapter.5}% 39
\BOOKMARK [1][-]{section.5.4}{\376\377\0005\000.\0004\000\040\145\066\145\133\116\016\131\015\147\102\136\246}{chapter.5}% 40
\BOOKMARK [1][-]{section.5.5}{\376\377\0005\000.\0005\000\040\131\061\215\045\117\335\142\244\147\072\122\066}{chapter.5}% 41
\BOOKMARK [0][-]{chapter.6}{\376\377\173\054\121\155\172\340\000\040\000\040\133\236\232\214\213\276\213\241\116\016\176\323\147\234\122\006\147\220}{}% 42
\BOOKMARK [1][-]{section.6.1}{\376\377\0006\000.\0001\000\040\127\072\146\157\116\016\145\160\143\156\213\276\177\156}{chapter.6}% 43
\BOOKMARK [1][-]{section.6.2}{\376\377\0006\000.\0002\000\040\133\371\153\324\145\271\154\325}{chapter.6}% 44
\BOOKMARK [1][-]{section.6.3}{\376\377\0006\000.\0003\000\040\213\304\116\367\143\007\150\007}{chapter.6}% 45
\BOOKMARK [1][-]{section.6.4}{\376\377\0006\000.\0004\000\040\116\073\133\236\232\214\176\323\147\234}{chapter.6}% 46
\BOOKMARK [1][-]{section.6.5}{\376\377\0006\000.\0005\000\040\220\156\143\041\234\201\150\322\140\047\133\236\232\214}{chapter.6}% 47
\BOOKMARK [1][-]{section.6.6}{\376\377\0006\000.\0006\000\040\172\227\123\343\225\177\136\246\137\161\124\315}{chapter.6}% 48
\BOOKMARK [1][-]{section.6.7}{\376\377\0006\000.\0007\000\040\123\302\145\160\145\117\141\037\140\047}{chapter.6}% 49
\BOOKMARK [1][-]{section.6.8}{\376\377\0006\000.\0008\000\040\176\323\147\234\123\357\211\306\123\026\176\323\213\272}{chapter.6}% 50
\BOOKMARK [0][-]{chapter.7}{\376\377\173\054\116\003\172\340\000\040\000\040\116\015\170\156\133\232\140\047\122\006\147\220}{}% 51
\BOOKMARK [1][-]{section.7.1}{\376\377\0007\000.\0001\000\040\134\100\220\350\123\117\145\271\135\356\217\321\117\074}{chapter.7}% 52
\BOOKMARK [1][-]{section.7.2}{\376\377\0007\000.\0002\000\040\116\214\176\364\177\156\117\341\151\055\127\006}{chapter.7}% 53
\BOOKMARK [1][-]{section.7.3}{\376\377\0007\000.\0003\000\040\116\015\170\156\133\232\140\047\147\145\156\220\122\006\211\343}{chapter.7}% 54
\BOOKMARK [1][-]{section.7.4}{\376\377\0007\000.\0004\000\040\211\206\166\326\121\340\117\125\143\007\150\007}{chapter.7}% 55
\BOOKMARK [1][-]{section.7.5}{\376\377\0007\000.\0005\000\040\000B\000o\000o\000t\000s\000t\000r\000a\000p\000\040\176\317\232\214\123\072\225\364}{chapter.7}% 56
\BOOKMARK [1][-]{section.7.6}{\376\377\0007\000.\0006\000\040\127\050\176\277\123\357\117\341\136\246\217\223\121\372}{chapter.7}% 57
\BOOKMARK [0][-]{chapter.8}{\376\377\173\054\121\153\172\340\000\040\000\040\152\041\127\213\142\151\134\125\116\016\135\345\172\013\136\372\213\256}{}% 58
\BOOKMARK [1][-]{section.8.1}{\376\377\0008\000.\0001\000\040\131\032\151\174\134\102\142\151\134\125}{chapter.8}% 59
\BOOKMARK [1][-]{section.8.2}{\376\377\0008\000.\0002\000\040\131\032\156\220\207\215\124\010\142\151\134\125}{chapter.8}% 60
\BOOKMARK [1][-]{section.8.3}{\376\377\0008\000.\0003\000\040\127\060\126\376\123\071\221\115\142\151\134\125}{chapter.8}% 61
\BOOKMARK [1][-]{section.8.4}{\376\377\0008\000.\0004\000\040\127\050\176\277\220\350\177\162\136\372\213\256}{chapter.8}% 62
\BOOKMARK [1][-]{section.8.5}{\376\377\0008\000.\0005\000\040\135\345\172\013\123\302\145\160\136\372\213\256}{chapter.8}% 63
\BOOKMARK [1][-]{section.8.6}{\376\377\0008\000.\0006\000\040\230\316\226\151\116\016\136\224\133\371}{chapter.8}% 64
\BOOKMARK [0][-]{chapter.9}{\376\377\173\054\116\135\172\340\000\040\000\040\160\165\145\117\136\246\122\006\147\220}{}% 65
\BOOKMARK [1][-]{section.9.1}{\376\377\0009\000.\0001\000\040\122\006\147\220\166\356\150\007}{chapter.9}% 66
\BOOKMARK [1][-]{section.9.2}{\376\377\0009\000.\0002\000\040\126\152\130\360\145\076\131\047\133\236\232\214}{chapter.9}% 67
\BOOKMARK [1][-]{section.9.3}{\376\377\0009\000.\0003\000\040\117\341\150\007\133\306\136\246\133\236\232\214}{chapter.9}% 68
\BOOKMARK [1][-]{section.9.4}{\376\377\0009\000.\0004\000\040\123\302\145\160\120\117\135\356\133\236\232\214}{chapter.9}% 69
\BOOKMARK [1][-]{section.9.5}{\376\377\0009\000.\0005\000\040\176\374\124\010\176\323\147\234}{chapter.9}% 70
\BOOKMARK [0][-]{chapter.10}{\376\377\173\054\123\101\172\340\000\040\000\040\150\110\117\213\122\006\147\220\116\016\136\224\165\050\213\250\213\272}{}% 71
\BOOKMARK [1][-]{section.10.1}{\376\377\0001\0000\000.\0001\000\040\150\110\117\213\116\000\377\032\160\153\160\176\165\217\145\143\137\025\133\374}{chapter.10}% 72
\BOOKMARK [1][-]{section.10.2}{\376\377\0001\0000\000.\0002\000\040\150\110\117\213\116\214\377\032\145\121\143\364\226\037\124\130\123\117\124\014\133\232\117\115}{chapter.10}% 73
\BOOKMARK [1][-]{section.10.3}{\376\377\0001\0000\000.\0003\000\040\150\110\117\213\116\011\377\032\134\100\220\350\117\341\150\007\131\061\145\110}{chapter.10}% 74
\BOOKMARK [1][-]{section.10.4}{\376\377\0001\0000\000.\0004\000\040\214\003\136\246\116\367\120\074\122\006\147\220}{chapter.10}% 75
\BOOKMARK [1][-]{section.10.5}{\376\377\0001\0000\000.\0005\000\040\204\075\127\060\226\120\122\066}{chapter.10}% 76
\BOOKMARK [1][-]{section.10.6}{\376\377\0001\0000\000.\0006\000\040\133\236\215\365\136\372\213\256}{chapter.10}% 77
\BOOKMARK [0][-]{chapter.11}{\376\377\173\054\123\101\116\000\172\340\000\040\000\040\140\073\176\323\116\016\134\125\147\033}{}% 78
\BOOKMARK [1][-]{section.11.1}{\376\377\0001\0001\000.\0001\000\040\116\073\211\201\135\345\117\134}{chapter.11}% 79
\BOOKMARK [1][-]{section.11.2}{\376\377\0001\0001\000.\0002\000\040\116\073\211\201\176\323\213\272}{chapter.11}% 80
\BOOKMARK [1][-]{section.11.3}{\376\377\0001\0001\000.\0003\000\040\116\015\215\263}{chapter.11}% 81
\BOOKMARK [1][-]{section.11.4}{\376\377\0001\0001\000.\0004\000\040\124\016\176\355\135\345\117\134}{chapter.11}% 82
\BOOKMARK [0][-]{chapter*.12}{\376\377\123\302\200\003\145\207\163\056}{}% 83
\BOOKMARK [0][-]{chapter*.13}{\376\377\226\104\137\125\000\040\000A\377\032\121\163\225\056\172\013\136\217\156\005\123\125\116\016\213\364\146\016}{}% 84
\BOOKMARK [1][-]{section*.14}{\376\377\000A\000.\0001\000\040\145\160\143\156\133\127\153\265\213\364\146\016}{chapter*.13}% 85
\BOOKMARK [1][-]{section*.16}{\376\377\000A\000.\0002\000\040\123\302\145\160\221\115\177\156}{chapter*.13}% 86
\BOOKMARK [1][-]{section*.17}{\376\377\000A\000.\0003\000\040\117\052\116\343\170\001\210\145\121\105}{chapter*.13}% 87
\BOOKMARK [0][-]{chapter*.18}{\376\377\226\104\137\125\000\040\000B\377\032\230\235\131\026\133\236\232\214\176\323\147\234}{}% 88
\BOOKMARK [1][-]{section*.19}{\376\377\000B\000.\0001\000\040\226\104\122\240\213\357\135\356\176\337\213\241}{chapter*.18}% 89
\BOOKMARK [1][-]{section*.21}{\376\377\000B\000.\0002\000\040\117\341\150\007\131\061\145\110\163\207\133\236\232\214}{chapter*.18}% 90
\BOOKMARK [1][-]{section*.22}{\376\377\000B\000.\0003\000\040\213\241\173\227\137\000\225\000\133\236\232\214}{chapter*.18}% 91
\BOOKMARK [1][-]{section*.23}{\376\377\000B\000.\0004\000\040\131\015\163\260\213\364\146\016}{chapter*.18}% 92
\BOOKMARK [0][-]{chapter*.24}{\376\377\201\364\214\042}{}% 93
