\BOOKMARK [0][-]{ccover.0}{\376\377\116\055\145\207\134\001\227\142}{}% 1
\BOOKMARK [0][-]{ecover.0}{\376\377\202\361\145\207\134\001\227\142}{}% 2
\BOOKMARK [0][-]{Declaration.0}{\376\377\123\237\122\033\140\047\130\360\146\016}{}% 3
\BOOKMARK [0][-]{Committee.0}{\376\377\173\124\217\251\131\324\124\130\117\032}{}% 4
\BOOKMARK [0][-]{section*.3}{\376\377\116\055\145\207\144\130\211\201}{}% 5
\BOOKMARK [0][-]{section*.4}{\376\377\000A\000B\000S\000T\000R\000A\000C\000T}{}% 6
\BOOKMARK [0][-]{ccontents.0}{\376\377\166\356\137\125}{}% 7
\BOOKMARK [0][-]{chapter.1}{\376\377\173\054\116\000\172\340\000\040\000\040\225\356\230\230\221\315\217\360\116\016\170\024\172\166\150\106\147\266}{}% 8
\BOOKMARK [1][-]{section.1.1}{\376\377\0001\000.\0001\000\040\225\356\230\230\221\315\217\360}{chapter.1}% 9
\BOOKMARK [1][-]{section.1.2}{\376\377\0001\000.\0002\000\040\145\160\143\156\116\016\147\120\145\231\213\364\146\016}{chapter.1}% 10
\BOOKMARK [1][-]{section.1.3}{\376\377\0001\000.\0003\000\040\140\073\117\123\142\200\147\057\215\357\176\277}{chapter.1}% 11
\BOOKMARK [0][-]{chapter.2}{\376\377\173\054\116\214\172\340\000\040\000\040\122\250\122\233\174\373\176\337\116\016\123\302\145\160\217\250\213\306\152\041\127\213}{}% 12
\BOOKMARK [1][-]{section.2.1}{\376\377\0002\000.\0001\000\040\162\266\140\001\145\271\172\013}{chapter.2}% 13
\BOOKMARK [1][-]{section.2.2}{\376\377\0002\000.\0002\000\040\211\302\155\113\145\271\172\013\116\016\213\357\135\356\152\041\127\213}{chapter.2}% 14
\BOOKMARK [1][-]{section.2.3}{\376\377\0002\000.\0003\000\040\166\356\150\007\121\375\145\160}{chapter.2}% 15
\BOOKMARK [1][-]{section.2.4}{\376\377\0002\000.\0004\000\040\123\357\217\250\213\306\140\047\213\250\213\272}{chapter.2}% 16
\BOOKMARK [0][-]{chapter.3}{\376\377\173\054\116\011\172\340\000\040\000\040\123\302\145\160\117\060\213\241\173\227\154\325\213\276\213\241}{}% 17
\BOOKMARK [1][-]{section.3.1}{\376\377\0003\000.\0001\000\040\232\330\145\257\162\133\230\177\154\325}{chapter.3}% 18
\BOOKMARK [1][-]{section.3.2}{\376\377\0003\000.\0002\000\040\226\073\134\074\162\133\230\177\154\325}{chapter.3}% 19
\BOOKMARK [1][-]{section.3.3}{\376\377\0003\000.\0003\000\040\131\032\122\035\120\074\173\133\220\011\173\126\165\145}{chapter.3}% 20
\BOOKMARK [1][-]{section.3.4}{\376\377\0003\000.\0004\000\040\173\227\154\325\117\052\116\343\170\001}{chapter.3}% 21
\BOOKMARK [0][-]{chapter.4}{\376\377\173\054\126\333\172\340\000\040\000\040\145\160\120\074\133\236\232\214\116\016\176\323\147\234\122\006\147\220}{}% 22
\BOOKMARK [1][-]{section.4.1}{\376\377\0004\000.\0001\000\040\133\236\232\214\127\072\146\157}{chapter.4}% 23
\BOOKMARK [1][-]{section.4.2}{\376\377\0004\000.\0002\000\040\213\304\116\367\143\007\150\007}{chapter.4}% 24
\BOOKMARK [1][-]{section.4.3}{\376\377\0004\000.\0003\000\040\176\323\147\234\154\107\140\073}{chapter.4}% 25
\BOOKMARK [1][-]{section.4.4}{\376\377\0004\000.\0004\000\040\176\323\147\234\213\250\213\272}{chapter.4}% 26
\BOOKMARK [0][-]{chapter.5}{\376\377\173\054\116\224\172\340\000\040\000\040\234\201\150\322\140\047\116\016\145\117\141\037\140\047\122\006\147\220}{}% 27
\BOOKMARK [1][-]{section.5.1}{\376\377\0005\000.\0001\000\040\123\302\145\160\145\117\141\037\140\047\133\232\116\111}{chapter.5}% 28
\BOOKMARK [1][-]{section.5.2}{\376\377\0005\000.\0002\000\040\126\152\130\360\117\040\144\255\122\006\147\220}{chapter.5}% 29
\BOOKMARK [1][-]{section.5.3}{\376\377\0005\000.\0003\000\040\122\035\120\074\142\160\122\250\213\325\232\214}{chapter.5}% 30
\BOOKMARK [1][-]{section.5.4}{\376\377\0005\000.\0004\000\040\135\345\172\013\136\372\213\256}{chapter.5}% 31
\BOOKMARK [0][-]{chapter.6}{\376\377\173\054\121\155\172\340\000\040\000\040\176\323\213\272\116\016\124\016\176\355\135\345\117\134}{}% 32
\BOOKMARK [1][-]{section.6.1}{\376\377\0006\000.\0001\000\040\176\323\213\272}{chapter.6}% 33
\BOOKMARK [1][-]{section.6.2}{\376\377\0006\000.\0002\000\040\116\015\215\263\116\016\134\125\147\033}{chapter.6}% 34
\BOOKMARK [0][-]{chapter.7}{\376\377\173\054\116\003\172\340\000\040\000\040\122\006\127\072\146\157\150\110\117\213\122\006\147\220}{}% 35
\BOOKMARK [1][-]{section.7.1}{\376\377\0007\000.\0001\000\040\150\110\117\213\116\000\377\032\164\006\140\363\145\160\143\156\127\072\146\157}{chapter.7}% 36
\BOOKMARK [1][-]{section.7.2}{\376\377\0007\000.\0002\000\040\150\110\117\213\116\214\377\032\116\055\126\152\130\360\127\072\146\157}{chapter.7}% 37
\BOOKMARK [1][-]{section.7.3}{\376\377\0007\000.\0003\000\040\150\110\117\213\116\011\377\032\232\330\126\152\130\360\116\016\120\117\135\356\122\035\120\074}{chapter.7}% 38
\BOOKMARK [1][-]{section.7.4}{\376\377\0007\000.\0004\000\040\150\110\117\213\126\333\377\032\145\160\143\156\177\072\131\061\172\227\123\343}{chapter.7}% 39
\BOOKMARK [1][-]{section.7.5}{\376\377\0007\000.\0005\000\040\176\374\124\010\176\323\213\272}{chapter.7}% 40
\BOOKMARK [0][-]{chapter.8}{\376\377\173\054\121\153\172\340\000\040\000\040\116\015\170\156\133\232\140\047\117\040\144\255\116\016\177\156\117\341\123\072\225\364\213\304\117\060}{}% 41
\BOOKMARK [1][-]{section.8.1}{\376\377\0008\000.\0001\000\040\176\277\140\047\217\321\117\074\117\040\144\255}{chapter.8}% 42
\BOOKMARK [1][-]{section.8.2}{\376\377\0008\000.\0002\000\040\000B\000o\000o\000t\000s\000t\000r\000a\000p\213\304\117\060}{chapter.8}% 43
\BOOKMARK [1][-]{section.8.3}{\376\377\0008\000.\0003\000\040\230\316\226\151\143\007\150\007}{chapter.8}% 44
\BOOKMARK [1][-]{section.8.4}{\376\377\0008\000.\0004\000\040\116\015\170\156\133\232\140\047\143\247\122\066\136\372\213\256}{chapter.8}% 45
\BOOKMARK [0][-]{chapter.9}{\376\377\173\054\116\135\172\340\000\040\000\040\136\224\165\050\204\075\127\060\116\016\176\364\142\244\173\126\165\145}{}% 46
\BOOKMARK [1][-]{section.9.1}{\376\377\0009\000.\0001\000\040\220\350\177\162\152\041\137\017}{chapter.9}% 47
\BOOKMARK [1][-]{section.9.2}{\376\377\0009\000.\0002\000\040\166\321\143\247\143\007\150\007}{chapter.9}% 48
\BOOKMARK [1][-]{section.9.3}{\376\377\0009\000.\0003\000\040\176\364\142\244\147\072\122\066}{chapter.9}% 49
\BOOKMARK [1][-]{section.9.4}{\376\377\0009\000.\0004\000\040\227\142\124\021\135\345\172\013\166\204\176\323\213\272}{chapter.9}% 50
\BOOKMARK [0][-]{chapter.10}{\376\377\173\054\123\101\172\340\000\040\000\040\142\151\134\125\213\250\213\272\116\016\215\350\127\072\146\157\133\371\153\324}{}% 51
\BOOKMARK [1][-]{section.10.1}{\376\377\0001\0000\000.\0001\000\040\215\350\145\160\143\156\226\306\217\301\171\373}{chapter.10}% 52
\BOOKMARK [1][-]{section.10.2}{\376\377\0001\0000\000.\0002\000\040\166\356\150\007\121\375\145\160\221\315\122\240\147\103}{chapter.10}% 53
\BOOKMARK [1][-]{section.10.3}{\376\377\0001\0000\000.\0003\000\040\213\241\173\227\116\016\174\276\136\246\142\230\116\055}{chapter.10}% 54
\BOOKMARK [1][-]{section.10.4}{\376\377\0001\0000\000.\0004\000\040\123\357\211\343\221\312\140\047\210\145\121\105}{chapter.10}% 55
\BOOKMARK [1][-]{section.10.5}{\376\377\0001\0000\000.\0005\000\040\147\054\172\340\176\323\213\355}{chapter.10}% 56
\BOOKMARK [0][-]{chapter*.8}{\376\377\123\302\200\003\145\207\163\056}{}% 57
\BOOKMARK [0][-]{chapter*.9}{\376\377\226\104\137\125\000\040\000A\377\032\145\271\172\013\060\001\123\330\221\317\116\016\116\343\170\001\146\040\134\004}{}% 58
\BOOKMARK [0][-]{chapter*.14}{\376\377\226\104\137\125\000\040\000B\377\032\142\171\221\317\213\325\232\214\213\260\137\125\152\041\147\177}{}% 59
\BOOKMARK [0][-]{chapter*.17}{\376\377\226\104\137\125\000\040\000C\377\032\123\302\145\160\117\060\213\241\121\150\221\317\176\323\147\234}{}% 60
\BOOKMARK [0][-]{chapter*.19}{\376\377\226\104\137\125\000\040\000D\377\032\142\160\122\250\213\325\232\214\176\337\213\241\210\150}{}% 61
\BOOKMARK [0][-]{chapter*.21}{\376\377\226\104\137\125\000\040\000E\377\032\131\032\122\035\120\074\136\166\210\114\145\345\137\327}{}% 62
\BOOKMARK [0][-]{chapter*.23}{\376\377\226\104\137\125\000\040\000F\377\032\133\236\232\214\176\323\213\272\210\145\121\105\213\364\146\016}{}% 63
\BOOKMARK [0][-]{chapter*.30}{\376\377\226\104\137\125\000\040\000G\377\032\121\150\221\317\142\171\153\041\176\323\147\234\142\151\134\125\210\150}{}% 64
\BOOKMARK [0][-]{chapter*.32}{\376\377\226\104\137\125\000\040\000H\377\032\123\302\145\160\217\150\217\371\166\321\143\247\145\345\137\327}{}% 65
\BOOKMARK [0][-]{chapter*.34}{\376\377\226\104\137\125\000\040\000I\377\032\215\205\123\302\145\160\177\121\150\074\142\153\143\317\213\260\137\125}{}% 66
\BOOKMARK [0][-]{chapter*.36}{\376\377\226\104\137\125\000\040\000J\377\032\135\345\172\013\220\350\177\162\116\016\215\050\221\317\117\335\213\301\176\306\122\031}{}% 67
