\BOOKMARK [0][-]{ccover.0}{\376\377\116\055\145\207\134\001\227\142}{}% 1
\BOOKMARK [0][-]{ecover.0}{\376\377\202\361\145\207\134\001\227\142}{}% 2
\BOOKMARK [0][-]{Declaration.0}{\376\377\123\237\122\033\140\047\130\360\146\016}{}% 3
\BOOKMARK [0][-]{Committee.0}{\376\377\173\124\217\251\131\324\124\130\117\032}{}% 4
\BOOKMARK [0][-]{section*.3}{\376\377\116\055\145\207\144\130\211\201}{}% 5
\BOOKMARK [0][-]{section*.4}{\376\377\000A\000B\000S\000T\000R\000A\000C\000T}{}% 6
\BOOKMARK [0][-]{ccontents.0}{\376\377\166\356\137\125}{}% 7
\BOOKMARK [0][-]{chapter.1}{\376\377\173\054\116\000\172\340\000\040\000\040\225\356\230\230\200\314\146\157\116\016\215\104\145\231\145\164\164\006}{}% 8
\BOOKMARK [1][-]{section.1.1}{\376\377\0001\000.\0001\000\040\170\024\172\166\200\314\146\157}{chapter.1}% 9
\BOOKMARK [1][-]{section.1.2}{\376\377\0001\000.\0002\000\040\145\160\143\156\116\016\116\343\170\001\147\145\156\220\213\364\146\016}{chapter.1}% 10
\BOOKMARK [1][-]{section.1.3}{\376\377\0001\000.\0003\000\040\170\024\172\166\166\356\150\007}{chapter.1}% 11
\BOOKMARK [1][-]{section.1.4}{\376\377\0001\000.\0004\000\040\142\200\147\057\215\357\176\277}{chapter.1}% 12
\BOOKMARK [0][-]{chapter.2}{\376\377\173\054\116\214\172\340\000\040\000\040\152\041\127\213\136\372\172\313}{}% 13
\BOOKMARK [1][-]{section.2.1}{\376\377\0002\000.\0001\000\040\162\266\140\001\145\271\172\013\116\016\123\302\145\160\124\021\221\317}{chapter.2}% 14
\BOOKMARK [1][-]{section.2.2}{\376\377\0002\000.\0002\000\040\232\330\226\066\133\374\145\160\220\022\143\250\121\163\174\373}{chapter.2}% 15
\BOOKMARK [1][-]{section.2.3}{\376\377\0002\000.\0003\000\040\123\302\145\160\217\250\213\306\166\356\150\007\121\375\145\160}{chapter.2}% 16
\BOOKMARK [1][-]{section.2.4}{\376\377\0002\000.\0004\000\040\117\030\123\026\217\355\116\343\152\041\127\213}{chapter.2}% 17
\BOOKMARK [0][-]{chapter.3}{\376\377\173\054\116\011\172\340\000\040\000\040\232\330\226\066\133\374\145\160\116\016\154\360\122\322\171\357\122\006\154\102\211\343}{}% 18
\BOOKMARK [1][-]{section.3.1}{\376\377\0003\000.\0001\000\040\0001\0006\226\066\154\360\122\322\134\125\137\000}{chapter.3}% 19
\BOOKMARK [1][-]{section.3.2}{\376\377\0003\000.\0002\000\040\133\374\145\160\213\241\173\227\152\041\127\127\123\026\213\276\213\241}{chapter.3}% 20
\BOOKMARK [1][-]{section.3.3}{\376\377\0003\000.\0003\000\040\134\100\220\350\213\357\135\356\116\016\153\145\225\177\143\247\122\066}{chapter.3}% 21
\BOOKMARK [1][-]{section.3.4}{\376\377\0003\000.\0004\000\040\173\227\154\325\143\317\217\360}{chapter.3}% 22
\BOOKMARK [0][-]{chapter.4}{\376\377\173\054\126\333\172\340\000\040\000\040\162\133\230\177\174\173\217\355\116\343\116\016\133\236\163\260\176\306\202\202}{}% 23
\BOOKMARK [1][-]{section.4.1}{\376\377\0004\000.\0001\000\040\153\213\135\356\116\016\226\305\123\357\153\324\147\204\220\040}{chapter.4}% 24
\BOOKMARK [1][-]{section.4.2}{\376\377\0004\000.\0002\000\040\226\073\134\074\232\330\145\257\162\133\230\177\173\126\165\145}{chapter.4}% 25
\BOOKMARK [1][-]{section.4.3}{\376\377\0004\000.\0003\000\040\120\134\153\142\121\306\122\031}{chapter.4}% 26
\BOOKMARK [1][-]{section.4.4}{\376\377\0004\000.\0004\000\040\131\015\147\102\136\246\122\006\147\220}{chapter.4}% 27
\BOOKMARK [0][-]{chapter.5}{\376\377\173\054\116\224\172\340\000\040\000\040\145\160\120\074\133\236\232\214\116\016\176\323\147\234\122\006\147\220}{}% 28
\BOOKMARK [1][-]{section.5.1}{\376\377\0005\000.\0001\000\040\133\236\232\214\213\276\177\156}{chapter.5}% 29
\BOOKMARK [1][-]{section.5.2}{\376\377\0005\000.\0002\000\040\171\357\122\006\174\276\136\246\176\323\147\234}{chapter.5}% 30
\BOOKMARK [1][-]{section.5.3}{\376\377\0005\000.\0003\000\040\123\302\145\160\117\060\213\241\176\323\147\234}{chapter.5}% 31
\BOOKMARK [1][-]{section.5.4}{\376\377\0005\000.\0004\000\040\234\201\150\322\140\047\213\250\213\272}{chapter.5}% 32
\BOOKMARK [0][-]{chapter.6}{\376\377\173\054\121\155\172\340\000\040\000\040\176\323\213\272\116\016\134\125\147\033}{}% 33
\BOOKMARK [1][-]{section.6.1}{\376\377\0006\000.\0001\000\040\116\073\211\201\176\323\213\272}{chapter.6}% 34
\BOOKMARK [1][-]{section.6.2}{\376\377\0006\000.\0002\000\040\152\041\127\213\116\015\215\263}{chapter.6}% 35
\BOOKMARK [1][-]{section.6.3}{\376\377\0006\000.\0003\000\040\124\016\176\355\135\345\117\134}{chapter.6}% 36
\BOOKMARK [0][-]{chapter.7}{\376\377\173\054\116\003\172\340\000\040\000\040\145\117\141\037\140\047\122\006\147\220\116\016\172\063\133\232\127\337\213\250\213\272}{}% 37
\BOOKMARK [1][-]{section.7.1}{\376\377\0007\000.\0001\000\040\123\302\145\160\160\165\145\117\136\246\133\232\116\111}{chapter.7}% 38
\BOOKMARK [1][-]{section.7.2}{\376\377\0007\000.\0002\000\040\123\125\123\302\145\160\142\160\122\250\176\323\147\234}{chapter.7}% 39
\BOOKMARK [1][-]{section.7.3}{\376\377\0007\000.\0003\000\040\131\032\123\302\145\160\200\124\124\010\142\160\122\250}{chapter.7}% 40
\BOOKMARK [1][-]{section.7.4}{\376\377\0007\000.\0004\000\040\172\063\133\232\127\337\176\317\232\214\217\271\165\114}{chapter.7}% 41
\BOOKMARK [1][-]{section.7.5}{\376\377\0007\000.\0005\000\040\134\017\176\323}{chapter.7}% 42
\BOOKMARK [0][-]{chapter.8}{\376\377\173\054\121\153\172\340\000\040\000\040\204\231\162\171\123\141\155\033\116\377\167\037\116\016\133\371\153\324\133\236\232\214}{}% 43
\BOOKMARK [1][-]{section.8.1}{\376\377\0008\000.\0001\000\040\116\377\167\037\213\276\213\241}{chapter.8}% 44
\BOOKMARK [1][-]{section.8.2}{\376\377\0008\000.\0002\000\040\176\337\213\241\143\007\150\007}{chapter.8}% 45
\BOOKMARK [1][-]{section.8.3}{\376\377\0008\000.\0003\000\040\133\236\232\214\163\260\214\141}{chapter.8}% 46
\BOOKMARK [1][-]{section.8.4}{\376\377\0008\000.\0004\000\040\123\357\211\306\123\026\176\323\213\272\377\010\145\207\133\127\143\317\217\360\377\011}{chapter.8}% 47
\BOOKMARK [1][-]{section.8.5}{\376\377\0008\000.\0005\000\040\134\017\176\323}{chapter.8}% 48
\BOOKMARK [0][-]{chapter.9}{\376\377\173\054\116\135\172\340\000\040\000\040\135\345\172\013\133\236\163\260\136\372\213\256\116\016\220\350\177\162\145\271\150\110}{}% 49
\BOOKMARK [1][-]{section.9.1}{\376\377\0009\000.\0001\000\040\217\157\116\366\147\266\147\204\136\372\213\256}{chapter.9}% 50
\BOOKMARK [1][-]{section.9.2}{\376\377\0009\000.\0002\000\040\127\050\176\277\213\241\173\227\155\101\172\013}{chapter.9}% 51
\BOOKMARK [1][-]{section.9.3}{\376\377\0009\000.\0003\000\040\137\002\136\070\131\004\164\006\147\072\122\066}{chapter.9}% 52
\BOOKMARK [1][-]{section.9.4}{\376\377\0009\000.\0004\000\040\220\350\177\162\140\047\200\375\136\372\213\256}{chapter.9}% 53
\BOOKMARK [1][-]{section.9.5}{\376\377\0009\000.\0005\000\040\147\054\172\340\140\073\176\323}{chapter.9}% 54
\BOOKMARK [0][-]{chapter*.10}{\376\377\123\302\200\003\145\207\163\056}{}% 55
\BOOKMARK [0][-]{chapter*.11}{\376\377\226\104\137\125\000\040\000A\377\032\121\163\225\056\116\343\170\001\116\016\152\041\127\127\213\364\146\016}{}% 56
\BOOKMARK [0][-]{chapter*.15}{\376\377\226\104\137\125\000\040\000B\377\032\123\302\145\160\116\016\142\171\221\317\133\236\232\214\213\260\137\125}{}% 57
\BOOKMARK [0][-]{chapter*.19}{\376\377\226\104\137\125\000\040\000C\377\032\153\145\225\177\142\153\143\317\133\214\145\164\145\160\143\156}{}% 58
\BOOKMARK [0][-]{chapter*.21}{\376\377\226\104\137\125\000\040\000D\377\032\126\152\130\360\142\160\122\250\176\337\213\241\213\260\137\125}{}% 59
\BOOKMARK [0][-]{chapter*.23}{\376\377\226\104\137\125\000\040\000E\377\032\122\035\120\074\145\117\141\037\140\047\142\171\221\317\213\325\232\214}{}% 60
\BOOKMARK [0][-]{chapter*.25}{\376\377\226\104\137\125\000\040\000F\377\032\173\227\154\325\145\345\137\327\144\130\211\201}{}% 61
\BOOKMARK [0][-]{chapter*.27}{\376\377\226\104\137\125\000\040\000G\377\032\176\374\124\010\133\236\232\214\121\150\221\317\176\323\147\234\210\150}{}% 62
\BOOKMARK [0][-]{chapter*.29}{\376\377\226\104\137\125\000\040\000H\377\032\142\151\134\125\213\250\213\272\116\016\131\015\163\260\133\236\122\241}{}% 63
