\BOOKMARK [0][-]{ccover.0}{\376\377\116\055\145\207\134\001\227\142}{}% 1
\BOOKMARK [0][-]{ecover.0}{\376\377\202\361\145\207\134\001\227\142}{}% 2
\BOOKMARK [0][-]{Declaration.0}{\376\377\123\237\122\033\140\047\130\360\146\016}{}% 3
\BOOKMARK [0][-]{Committee.0}{\376\377\173\124\217\251\131\324\124\130\117\032}{}% 4
\BOOKMARK [0][-]{section*.3}{\376\377\116\055\145\207\144\130\211\201}{}% 5
\BOOKMARK [0][-]{section*.4}{\376\377\000A\000b\000s\000t\000r\000a\000c\000t}{}% 6
\BOOKMARK [0][-]{ccontents.0}{\376\377\166\356\137\125}{}% 7
\BOOKMARK [0][-]{chapter.1}{\376\377\173\054\116\000\172\340\000\040\000\040\170\024\172\166\200\314\146\157\116\016\225\356\230\230\133\232\116\111}{}% 8
\BOOKMARK [1][-]{section.1.1}{\376\377\0001\000.\0001\000\040\170\024\172\166\200\314\146\157}{chapter.1}% 9
\BOOKMARK [1][-]{section.1.2}{\376\377\0001\000.\0002\000\040\225\356\230\230\133\232\116\111}{chapter.1}% 10
\BOOKMARK [1][-]{section.1.3}{\376\377\0001\000.\0003\000\040\173\046\123\367\176\246\133\232}{chapter.1}% 11
\BOOKMARK [1][-]{section.1.4}{\376\377\0001\000.\0004\000\040\170\024\172\166\140\035\215\357\116\016\142\200\147\057\215\357\176\277}{chapter.1}% 12
\BOOKMARK [1][-]{section.1.5}{\376\377\0001\000.\0005\000\040\147\054\145\207\176\323\147\204\133\211\143\222}{chapter.1}% 13
\BOOKMARK [0][-]{chapter.2}{\376\377\173\054\116\214\172\340\000\040\000\040\211\302\155\113\152\041\127\213\116\016\122\240\147\103\147\000\134\017\116\214\116\130\136\372\152\041}{}% 14
\BOOKMARK [1][-]{section.2.1}{\376\377\0002\000.\0001\000\040\155\113\215\335\211\302\155\113\152\041\127\213}{chapter.2}% 15
\BOOKMARK [1][-]{section.2.2}{\376\377\0002\000.\0002\000\040\155\113\211\322\211\302\155\113\152\041\127\213}{chapter.2}% 16
\BOOKMARK [1][-]{section.2.3}{\376\377\0002\000.\0003\000\040\176\337\116\000\166\356\150\007\121\375\145\160}{chapter.2}% 17
\BOOKMARK [1][-]{section.2.4}{\376\377\0002\000.\0004\000\040\176\337\213\241\211\343\221\312}{chapter.2}% 18
\BOOKMARK [1][-]{section.2.5}{\376\377\0002\000.\0005\000\040\152\041\127\213\123\357\211\302\140\047\213\250\213\272}{chapter.2}% 19
\BOOKMARK [1][-]{section.2.6}{\376\377\0002\000.\0006\000\040\166\356\150\007\121\375\145\160\134\100\220\350\140\047\215\050}{chapter.2}% 20
\BOOKMARK [0][-]{chapter.3}{\376\377\173\054\116\011\172\340\000\040\000\040\150\257\136\246\060\001\155\167\150\356\167\351\226\065\123\312\145\160\120\074\133\236\163\260\176\306\202\202}{}% 21
\BOOKMARK [1][-]{section.3.1}{\376\377\0003\000.\0001\000\040\133\374\145\160\143\250\133\374\166\204\141\017\116\111}{chapter.3}% 22
\BOOKMARK [1][-]{section.3.2}{\376\377\0003\000.\0002\000\040\155\113\215\335\121\375\145\160\133\374\145\160}{chapter.3}% 23
\BOOKMARK [1][-]{section.3.3}{\376\377\0003\000.\0003\000\040\211\322\136\246\121\375\145\160\133\374\145\160}{chapter.3}% 24
\BOOKMARK [1][-]{section.3.4}{\376\377\0003\000.\0004\000\040\166\356\150\007\121\375\145\160\150\257\136\246\116\016\155\167\150\356\167\351\226\065}{chapter.3}% 25
\BOOKMARK [1][-]{section.3.5}{\376\377\0003\000.\0005\000\040\176\277\140\047\145\271\172\013\154\102\211\343\116\016\167\351\226\065\220\006}{chapter.3}% 26
\BOOKMARK [1][-]{section.3.6}{\376\377\0003\000.\0006\000\040\172\013\136\217\152\041\127\127\116\016\145\160\133\146\152\041\127\127\133\371\136\224\121\163\174\373}{chapter.3}% 27
\BOOKMARK [1][-]{section.3.7}{\376\377\0003\000.\0007\000\040\147\054\172\340\134\017\176\323}{chapter.3}% 28
\BOOKMARK [0][-]{chapter.4}{\376\377\173\054\126\333\172\340\000\040\000\040\122\035\120\074\147\204\220\040\116\016\121\340\117\125\133\120\225\356\230\230}{}% 29
\BOOKMARK [1][-]{section.4.1}{\376\377\0004\000.\0001\000\040\122\035\120\074\127\050\227\136\176\277\140\047\133\232\117\115\116\055\166\204\117\134\165\050}{chapter.4}% 30
\BOOKMARK [1][-]{section.4.2}{\376\377\0004\000.\0002\000\040\116\011\155\113\172\331\155\113\215\335\133\232\117\115\152\041\127\213}{chapter.4}% 31
\BOOKMARK [1][-]{section.4.3}{\376\377\0004\000.\0003\000\040\123\314\155\113\172\331\155\113\211\322\121\340\117\125\217\205\122\251}{chapter.4}% 32
\BOOKMARK [1][-]{section.4.4}{\376\377\0004\000.\0004\000\040\123\125\172\331\211\322\215\335\166\364\143\245\133\232\117\115}{chapter.4}% 33
\BOOKMARK [1][-]{section.4.5}{\376\377\0004\000.\0005\000\040\122\035\120\074\145\271\150\110\153\324\217\203}{chapter.4}% 34
\BOOKMARK [1][-]{section.4.6}{\376\377\0004\000.\0006\000\040\121\340\117\125\220\000\123\026\140\305\137\142\213\250\213\272}{chapter.4}% 35
\BOOKMARK [1][-]{section.4.7}{\376\377\0004\000.\0007\000\040\147\054\172\340\134\017\176\323}{chapter.4}% 36
\BOOKMARK [0][-]{chapter.5}{\376\377\173\054\116\224\172\340\000\040\000\040\145\160\120\074\173\227\154\325\213\276\213\241\116\016\145\066\145\133\122\044\143\156}{}% 37
\BOOKMARK [1][-]{section.5.1}{\376\377\0005\000.\0001\000\040\173\227\154\325\140\073\117\123\155\101\172\013}{chapter.5}% 38
\BOOKMARK [1][-]{section.5.2}{\376\377\0005\000.\0002\000\040\162\133\230\177\154\325}{chapter.5}% 39
\BOOKMARK [1][-]{section.5.3}{\376\377\0005\000.\0003\000\040\154\325\145\271\172\013\217\355\116\343\154\325\377\010\116\343\170\001\116\055\166\204\000\040\000L\000M\000\040\145\271\154\325\377\011}{chapter.5}% 40
\BOOKMARK [1][-]{section.5.4}{\376\377\0005\000.\0004\000\040\173\227\154\325\117\052\116\343\170\001}{chapter.5}% 41
\BOOKMARK [1][-]{section.5.5}{\376\377\0005\000.\0005\000\040\131\015\147\102\136\246\122\006\147\220}{chapter.5}% 42
\BOOKMARK [1][-]{section.5.6}{\376\377\0005\000.\0006\000\040\120\134\153\142\121\306\122\031\116\016\137\002\136\070\131\004\164\006}{chapter.5}% 43
\BOOKMARK [1][-]{section.5.7}{\376\377\0005\000.\0007\000\040\147\054\172\340\134\017\176\323}{chapter.5}% 44
\BOOKMARK [0][-]{chapter.6}{\376\377\173\054\121\155\172\340\000\040\000\040\127\372\121\306\133\236\232\214\116\016\176\323\147\234\122\006\147\220}{}% 45
\BOOKMARK [1][-]{section.6.1}{\376\377\0006\000.\0001\000\040\133\236\232\214\221\115\177\156}{chapter.6}% 46
\BOOKMARK [1][-]{section.6.2}{\376\377\0006\000.\0002\000\040\211\302\155\113\145\160\143\156\171\072\117\213}{chapter.6}% 47
\BOOKMARK [1][-]{section.6.3}{\376\377\0006\000.\0003\000\040\133\232\117\115\176\323\147\234}{chapter.6}% 48
\BOOKMARK [1][-]{section.6.4}{\376\377\0006\000.\0004\000\040\162\133\230\177\154\325\176\323\147\234\122\006\147\220}{chapter.6}% 49
\BOOKMARK [1][-]{section.6.5}{\376\377\0006\000.\0005\000\040\154\325\145\271\172\013\154\325\176\323\147\234\122\006\147\220}{chapter.6}% 50
\BOOKMARK [1][-]{section.6.6}{\376\377\0006\000.\0006\000\040\131\032\153\041\221\315\131\015\133\236\232\214\176\337\213\241}{chapter.6}% 51
\BOOKMARK [1][-]{section.6.7}{\376\377\0006\000.\0007\000\040\126\152\130\360\145\076\131\047\133\236\232\214}{chapter.6}% 52
\BOOKMARK [1][-]{section.6.8}{\376\377\0006\000.\0008\000\040\147\054\172\340\134\017\176\323}{chapter.6}% 53
\BOOKMARK [0][-]{chapter.7}{\376\377\173\054\116\003\172\340\000\040\000\040\116\015\170\156\133\232\140\047\117\040\144\255\116\016\177\156\117\341\123\072\127\337}{}% 54
\BOOKMARK [1][-]{section.7.1}{\376\377\0007\000.\0001\000\040\123\117\145\271\135\356\217\321\117\074}{chapter.7}% 55
\BOOKMARK [1][-]{section.7.2}{\376\377\0007\000.\0002\000\040\177\156\117\341\151\055\164\003\147\204\220\040}{chapter.7}% 56
\BOOKMARK [1][-]{section.7.3}{\376\377\0007\000.\0003\000\040\116\016\116\343\170\001\217\223\121\372\166\204\116\000\201\364\140\047}{chapter.7}% 57
\BOOKMARK [1][-]{section.7.4}{\376\377\0007\000.\0004\000\040\116\073\217\164\145\271\124\021\211\343\221\312}{chapter.7}% 58
\BOOKMARK [1][-]{section.7.5}{\376\377\0007\000.\0005\000\040\213\357\135\356\117\040\144\255\122\006\147\220}{chapter.7}% 59
\BOOKMARK [1][-]{section.7.6}{\376\377\0007\000.\0006\000\040\000G\000D\000O\000P\000\040\174\173\143\007\150\007}{chapter.7}% 60
\BOOKMARK [1][-]{section.7.7}{\376\377\0007\000.\0007\000\040\172\063\120\145\177\156\117\341\213\304\117\060\136\372\213\256}{chapter.7}% 61
\BOOKMARK [1][-]{section.7.8}{\376\377\0007\000.\0008\000\040\147\054\172\340\134\017\176\323}{chapter.7}% 62
\BOOKMARK [0][-]{chapter.8}{\376\377\173\054\121\153\172\340\000\040\000\040\152\041\127\213\142\151\134\125\116\016\135\345\172\013\133\236\163\260\136\372\213\256}{}% 63
\BOOKMARK [1][-]{section.8.1}{\376\377\0008\000.\0001\000\040\234\201\150\322\117\060\213\241\142\151\134\125}{chapter.8}% 64
\BOOKMARK [1][-]{section.8.2}{\376\377\0008\000.\0002\000\040\122\250\140\001\127\072\146\157\142\151\134\125}{chapter.8}% 65
\BOOKMARK [1][-]{section.8.3}{\376\377\0008\000.\0003\000\040\131\032\166\356\150\007\142\151\134\125}{chapter.8}% 66
\BOOKMARK [1][-]{section.8.4}{\376\377\0008\000.\0004\000\040\176\246\147\137\117\030\123\026\142\151\134\125}{chapter.8}% 67
\BOOKMARK [1][-]{section.8.5}{\376\377\0008\000.\0005\000\040\217\157\116\366\135\345\172\013\133\236\163\260\136\372\213\256}{chapter.8}% 68
\BOOKMARK [1][-]{section.8.6}{\376\377\0008\000.\0006\000\040\123\302\145\160\220\011\142\351\176\317\232\214}{chapter.8}% 69
\BOOKMARK [1][-]{section.8.7}{\376\377\0008\000.\0007\000\040\123\357\211\306\123\026\136\372\213\256}{chapter.8}% 70
\BOOKMARK [1][-]{section.8.8}{\376\377\0008\000.\0008\000\040\147\054\172\340\134\017\176\323}{chapter.8}% 71
\BOOKMARK [0][-]{chapter.9}{\376\377\173\054\116\135\172\340\000\040\000\040\174\373\176\337\160\165\145\117\136\246\116\016\172\063\133\232\140\047\170\024\172\166}{}% 72
\BOOKMARK [1][-]{section.9.1}{\376\377\0009\000.\0001\000\040\170\024\172\166\166\356\166\204}{chapter.9}% 73
\BOOKMARK [1][-]{section.9.2}{\376\377\0009\000.\0002\000\040\126\152\130\360\160\165\145\117\136\246\143\007\150\007}{chapter.9}% 74
\BOOKMARK [1][-]{section.9.3}{\376\377\0009\000.\0003\000\040\172\331\117\115\121\340\117\125\160\165\145\117\136\246\143\007\150\007}{chapter.9}% 75
\BOOKMARK [1][-]{section.9.4}{\376\377\0009\000.\0004\000\040\133\236\232\214\122\006\176\304\213\276\213\241}{chapter.9}% 76
\BOOKMARK [1][-]{section.9.5}{\376\377\0009\000.\0005\000\040\176\323\147\234\213\250\213\272\377\032\155\113\211\322\126\152\130\360\137\161\124\315}{chapter.9}% 77
\BOOKMARK [1][-]{section.9.6}{\376\377\0009\000.\0006\000\040\176\323\147\234\213\250\213\272\377\032\155\113\215\335\126\152\130\360\137\161\124\315}{chapter.9}% 78
\BOOKMARK [1][-]{section.9.7}{\376\377\0009\000.\0007\000\040\176\323\147\234\213\250\213\272\377\032\172\331\117\115\142\160\122\250\137\161\124\315}{chapter.9}% 79
\BOOKMARK [1][-]{section.9.8}{\376\377\0009\000.\0008\000\040\131\061\215\045\150\067\147\054\162\171\137\201}{chapter.9}% 80
\BOOKMARK [1][-]{section.9.9}{\376\377\0009\000.\0009\000\040\172\063\133\232\140\047\143\320\123\107\173\126\165\145}{chapter.9}% 81
\BOOKMARK [1][-]{section.9.10}{\376\377\0009\000.\0001\0000\000\040\176\337\213\241\210\150\154\107\140\073}{chapter.9}% 82
\BOOKMARK [1][-]{section.9.11}{\376\377\0009\000.\0001\0001\000\040\147\054\172\340\134\017\176\323}{chapter.9}% 83
\BOOKMARK [0][-]{chapter.10}{\376\377\173\054\123\101\172\340\000\040\000\040\133\371\153\324\170\024\172\166\116\016\136\224\165\050\150\110\117\213\122\006\147\220}{}% 84
\BOOKMARK [1][-]{section.10.1}{\376\377\0001\0000\000.\0001\000\040\133\371\153\324\170\024\172\166\166\356\150\007}{chapter.10}% 85
\BOOKMARK [1][-]{section.10.2}{\376\377\0001\0000\000.\0002\000\040\116\016\232\330\145\257\162\133\230\177\154\325\166\204\133\371\153\324}{chapter.10}% 86
\BOOKMARK [1][-]{section.10.3}{\376\377\0001\0000\000.\0003\000\040\122\035\120\074\215\050\221\317\122\006\134\102\133\236\232\214}{chapter.10}% 87
\BOOKMARK [1][-]{section.10.4}{\376\377\0001\0000\000.\0004\000\040\150\110\117\213\116\000\377\032\123\125\166\356\150\007\227\131\140\001\232\330\174\276\136\246\133\232\117\115}{chapter.10}% 88
\BOOKMARK [1][-]{section.10.5}{\376\377\0001\0000\000.\0005\000\040\150\110\117\213\116\214\377\032\147\072\122\250\166\356\150\007\217\321\133\236\145\366\133\232\117\115}{chapter.10}% 89
\BOOKMARK [1][-]{section.10.6}{\376\377\0001\0000\000.\0006\000\040\150\110\117\213\116\011\377\032\211\302\155\113\137\002\136\070\127\072\146\157}{chapter.10}% 90
\BOOKMARK [1][-]{section.10.7}{\376\377\0001\0000\000.\0007\000\040\135\345\172\013\220\350\177\162\156\005\123\125}{chapter.10}% 91
\BOOKMARK [1][-]{section.10.8}{\376\377\0001\0000\000.\0008\000\040\213\304\116\367\143\007\150\007\117\123\174\373}{chapter.10}% 92
\BOOKMARK [1][-]{section.10.9}{\376\377\0001\0000\000.\0009\000\040\172\340\202\202\213\250\213\272}{chapter.10}% 93
\BOOKMARK [1][-]{section.10.10}{\376\377\0001\0000\000.\0001\0000\000\040\147\054\172\340\134\017\176\323}{chapter.10}% 94
\BOOKMARK [0][-]{chapter.11}{\376\377\173\054\123\101\116\000\172\340\000\040\000\040\140\073\176\323\116\016\134\125\147\033}{}% 95
\BOOKMARK [1][-]{section.11.1}{\376\377\0001\0001\000.\0001\000\040\116\073\211\201\135\345\117\134\140\073\176\323}{chapter.11}% 96
\BOOKMARK [1][-]{section.11.2}{\376\377\0001\0001\000.\0002\000\040\176\323\213\272}{chapter.11}% 97
\BOOKMARK [1][-]{section.11.3}{\376\377\0001\0001\000.\0003\000\040\116\015\215\263\116\016\145\071\217\333}{chapter.11}% 98
\BOOKMARK [1][-]{section.11.4}{\376\377\0001\0001\000.\0004\000\040\147\052\147\145\135\345\117\134\134\125\147\033}{chapter.11}% 99
\BOOKMARK [1][-]{section.11.5}{\376\377\0001\0001\000.\0005\000\040\176\323\213\355}{chapter.11}% 100
\BOOKMARK [0][-]{chapter*.16}{\376\377\123\302\200\003\145\207\163\056}{}% 101
\BOOKMARK [0][-]{chapter*.17}{\376\377\226\104\137\125\000\040\000A\377\032\121\163\225\056\172\013\136\217\156\005\123\125\116\016\213\364\146\016}{}% 102
\BOOKMARK [1][-]{section*.18}{\376\377\000A\000.\0001\000\040\121\163\225\056\121\375\145\160\143\245\123\343\213\364\146\016}{chapter*.17}% 103
\BOOKMARK [1][-]{section*.20}{\376\377\000A\000.\0002\000\040\211\302\155\113\145\160\143\156\176\323\147\204}{chapter*.17}% 104
\BOOKMARK [1][-]{section*.21}{\376\377\000A\000.\0003\000\040\217\355\116\343\145\345\137\327\136\372\213\256\150\074\137\017}{chapter*.17}% 105
\BOOKMARK [1][-]{section*.22}{\376\377\000A\000.\0004\000\040\133\374\145\160\150\041\232\214\145\271\154\325}{chapter*.17}% 106
\BOOKMARK [1][-]{section*.23}{\376\377\000A\000.\0005\000\040\117\052\116\343\170\001\210\145\121\105}{chapter*.17}% 107
\BOOKMARK [1][-]{section*.24}{\376\377\000A\000.\0006\000\040\123\302\145\160\145\207\116\366\150\067\117\213}{chapter*.17}% 108
\BOOKMARK [0][-]{chapter*.25}{\376\377\226\104\137\125\000\040\000B\377\032\230\235\131\026\133\236\232\214\176\323\147\234}{}% 109
\BOOKMARK [1][-]{section*.26}{\376\377\000B\000.\0001\000\040\126\152\130\360\154\064\136\163\122\006\176\304\133\236\232\214}{chapter*.25}% 110
\BOOKMARK [1][-]{section*.27}{\376\377\000B\000.\0002\000\040\172\331\117\115\142\160\122\250\133\236\232\214}{chapter*.25}% 111
\BOOKMARK [1][-]{section*.28}{\376\377\000B\000.\0003\000\040\122\035\120\074\120\117\135\356\133\236\232\214}{chapter*.25}% 112
\BOOKMARK [1][-]{section*.29}{\376\377\000B\000.\0004\000\040\211\322\136\246\215\363\123\330\217\271\165\114\155\113\213\325}{chapter*.25}% 113
\BOOKMARK [1][-]{section*.30}{\376\377\000B\000.\0005\000\040\147\141\116\366\145\160\176\337\213\241}{chapter*.25}% 114
\BOOKMARK [1][-]{section*.31}{\376\377\000B\000.\0006\000\040\173\227\154\325\200\027\145\366\176\337\213\241}{chapter*.25}% 115
\BOOKMARK [1][-]{section*.33}{\376\377\000B\000.\0007\000\040\176\323\147\234\131\015\163\260\213\364\146\016}{chapter*.25}% 116
\BOOKMARK [1][-]{section*.34}{\376\377\000B\000.\0008\000\040\226\104\122\240\213\250\213\272}{chapter*.25}% 117
\BOOKMARK [0][-]{chapter*.35}{\376\377\201\364\214\042}{}% 118
